// Jest Snapshot v1, https://goo.gl/fbAQLP

exports[`cli - vanilla React project contents of files created Folder - / should populate ".env" correctly 1`] = `
"##########################################################
#           THIS FILE WILL BE GIT IGNORED.               #
#     DO NOT COMMIT THIS FILE INTO VERSION CONTROL!      #
# PLEASE KEEP ANY SENSITIVE DATA OUT OF VERSION CONTROL. #
##########################################################


### Production Notes ###

# When deploying your app to production, you should copy this file
# over to your remote machine. Make sure all values are correct & up to date.



APP_NAME=01-vanilla-react.test
DEV_SERVER_PORT=8080
"
`;

exports[`cli - vanilla React project contents of files created Folder - / should populate ".gitignore" correctly 1`] = `
"# The majority of this files contents were taken from Github's Node example:
# https://github.com/github/gitignore/blob/master/Node.gitignore

# Mac-specific
.DS_Store

# Ignore all files in the dist folder BUT a few
dist/*
!dist/favicon.ico
!dist/robots.txt

# Logs
logs
*.log
npm-debug.log*
yarn-debug.log*
yarn-error.log*

# Runtime data
pids
*.pid
*.seed
*.pid.lock

# Directory for instrumented libs generated by jscoverage/JSCover
lib-cov

# Coverage directory used by tools like istanbul
coverage

# nyc test coverage
.nyc_output

# Grunt intermediate storage (http://gruntjs.com/creating-plugins#storing-task-files)
.grunt

# Bower dependency directory (https://bower.io/)
bower_components

# node-waf configuration
.lock-wscript

# Compiled binary addons (https://nodejs.org/api/addons.html)
build/Release

# Dependency directories
node_modules/
jspm_packages/

# TypeScript v1 declaration files
typings/

# Optional npm cache directory
.npm

# Optional eslint cache
.eslintcache

# Optional REPL history
.node_repl_history

# Output of 'npm pack'
*.tgz

# Yarn Integrity file
.yarn-integrity

# dotenv environment variables file
.env

# next.js build output
.next
"
`;

exports[`cli - vanilla React project contents of files created Folder - / should populate ".prettierignore" correctly 1`] = `
"node_modules
src/assets
dist
build
*.html
package-lock.json
!*.(js|jsx|ts)
"
`;

exports[`cli - vanilla React project contents of files created Folder - / should populate ".prettierrc" correctly 1`] = `
"{
  \\"printWidth\\": 80,
  \\"tabWidth\\": 2,
  \\"tabs\\": false,
  \\"semi\\": false,
  \\"singleQuote\\": true,
  \\"quoteProps\\": \\"as-needed\\",
  \\"jsxSingleQuote\\": false,
  \\"trailingComma\\": \\"all\\",
  \\"bracketSpacing\\": false,
  \\"jsxBracketSameLine\\": true,
  \\"arrowParens\\": \\"avoid\\",
  \\"requirePragma\\": false,
  \\"insertPragma\\": false,
  \\"proseWrap\\": \\"preserve\\",
  \\"htmlWhitespaceSensitivity\\": \\"css\\",
  \\"endOfLine\\": \\"lf\\",
  \\"embeddedLanguageFormatting\\": \\"auto\\"
}
"
`;

exports[`cli - vanilla React project contents of files created Folder - / should populate "README.md" correctly 1`] = `
"This project was created with [Create New App](https://github.com/qodesmith/create-new-app).
"
`;

exports[`cli - vanilla React project contents of files created Folder - / should populate "after-compile-plugin.js" correctly 1`] = `
"const {DEV_SERVER_PORT, API, API_PORT} = process.env
const chalk = require('chalk')
const os = require('os')

/*
  This is a custom Webpack plugin that simply runs a function after each build.
  In Create New App, this is used to console.log the urls to the application
  in the browser as well as (conditionally) the api server url.
*/

class AfterCompilePlugin {
  constructor({run} = {}) {
    this.run = run
  }

  defaultRun() {
    console.log('\\\\x1Bc') // http://bit.ly/2Z7GZ1M - clear the console.
    console.log(chalk.greenBright('Webpack compiled successfully!\\\\n'))

    if (API) {
      const fetchMsg = \`\${chalk.yellow('fetch')}(\${chalk.keyword('orange')(
        \`'\${API}/<your-endpoint>'\`,
      )})\`
      const thenMsg = \`.\${chalk.yellow('then')}(...)\`
      const fetchExample = \`\${fetchMsg}\${thenMsg}\`

      console.log(
        \`ðŸŒŽ  => API listening on port \${chalk.blue.bold(API_PORT)}...\`,
      )
      console.log(
        '       You can make fetch requests to your API from the browser:',
      )
      console.log(\`           \${chalk.italic(fetchExample)}\\\\n\`)
      console.log(
        chalk.dim(
          'â”€â”€â”€â”€â”€â”€â”€â”€â”€â”€â”€â”€â”€â”€â”€â”€â”€â”€â”€â”€â”€â”€â”€â”€â”€â”€â”€â”€â”€â”€â”€â”€â”€â”€â”€â”€â”€â”€â”€â”€â”€â”€â”€â”€â”€â”€â”€â”€â”€â”€â”€â”€â”€â”€â”€â”€â”€â”€â”€â”€â”€â”€â”€â”€â”€â”€â”€â”€\\\\n',
        ),
      )
    }

    console.log('ðŸ’»  => Application being served at...')
    console.log(
      \`         â€¢ \${chalk.bold(
        'Browser:',
      )}                     http://localhost:\${chalk.blue.bold(
        DEV_SERVER_PORT,
      )}\`,
    )
    console.log(
      \`         â€¢ \${chalk.bold(
        'Any device on your network:',
      )}  http://\${getLocalIpAddress()}:\${chalk.blue.bold(DEV_SERVER_PORT)}\`,
    )
  }

  apply(compiler) {
    compiler.hooks.afterEmit.tap('AfterCompilePlugin', compilation => {
      const stats = compilation.getStats()
      // https://bit.ly/38vBDow
      const errors = compilation.errors

      /*
        Using \`setTimeout\` here simply bumps running \`this.run()\` to *after*
        Webpack has spewed a ton of stuff into the console. The idea is to have
        the url's mentioned above logged at the very last moment so they're the
        last thing the user sees.
      */
      setTimeout(() => {
        // 1. If we have errors, do nothing.
        if (!!errors.length) return

        // 2. Print the url's to the console.
        this.defaultRun()
        this.run && this.run()
      }, 0)
    })
  }
}

/*
  Gets the local IP address for your computer.
  This address, as opposed to 'localhost', is what other devices on the same
  network would use to connect to the development site.
*/
function getLocalIpAddress() {
  const obj = Object.values(os.networkInterfaces())
    .reduce((acc, arr) => acc.concat(arr), [])
    .find(({family, internal}) => family === 'IPv4' && !internal)

  return obj ? obj.address : '0.0.0.0'
}

module.exports = AfterCompilePlugin
"
`;

exports[`cli - vanilla React project contents of files created Folder - / should populate "postcss.config.js" correctly 1`] = `
"const isProd = process.env.NODE_ENV === 'production'
const purgeCss = require('@fullhuman/postcss-purgecss')
const combineMediaQuery = require('postcss-combine-media-query')
const combineSelectors = require('postcss-combine-duplicated-selectors')
const autoprefixer = require('autoprefixer')
const sorter = require('css-declaration-sorter')
const nano = require('cssnano')
const path = require('path')
// const whitelister = require('purgecss-whitelister')

/*
  Why we scope \`purgeCss\` to production only.
  -------------------------------------------
  During development, CSS assets may have been previously purged
  from a webpack reload or initial load. You might try to add classes in JS
  and see no change. This avoids that.
*/
module.exports = {
  plugins: isProd
    ? [
        // http://bit.ly/2Xtfwao - explains why we're using purge-css here and not as a Webpack plugin.
        purgeCss({
          // Optionally whitelist 3rd party libraries:
          // whitelist: whitelister('./node_modules/some-library/styles.css'),
          content: [
            path.resolve(path.resolve(), './src/**/*.js'),
            path.resolve(path.resolve(), './src/**/*.jsx'),
            path.resolve(path.resolve(), './src/index.ejs'),
          ],
          keyframes: false, // http://bit.ly/2Xnsqq2
        }),
        combineSelectors({removeDuplicatedProperties: true}),
        combineMediaQuery(),
        autoprefixer(),
        sorter(),
        nano(),
      ]
    : [],
}
"
`;

exports[`cli - vanilla React project contents of files created Folder - /dist should populate "favicon.ico" correctly 1`] = `"        h  &         ï¿½  ï¿½  (                                   Pï¿½ï¿½Pï¿½ï¿½Pï¿½ï¿½Pï¿½ï¿½Pï¿½ï¿½Pï¿½ï¿½Pï¿½ï¿½Pï¿½ï¿½Pï¿½ï¿½Pï¿½ï¿½Pï¿½ï¿½Pï¿½ï¿½Pï¿½ï¿½Pï¿½ï¿½Pï¿½ï¿½Pï¿½ï¿½Pï¿½ï¿½Pï¿½ï¿½Pï¿½ï¿½Pï¿½ï¿½Pï¿½ï¿½Pï¿½ï¿½Pï¿½ï¿½Pï¿½ï¿½Pï¿½ï¿½Pï¿½ï¿½Pï¿½ï¿½Pï¿½ï¿½Pï¿½ï¿½Pï¿½ï¿½Pï¿½ï¿½Pï¿½ï¿½Pï¿½ï¿½Pï¿½ï¿½Nï¿½ï¿½Nï¿½ï¿½Nï¿½ï¿½Pï¿½ï¿½Pï¿½ï¿½Pï¿½ï¿½Pï¿½ï¿½Pï¿½ï¿½Oï¿½ï¿½Nï¿½ï¿½Pï¿½ï¿½Pï¿½ï¿½Pï¿½ï¿½Pï¿½ï¿½Oï¿½ï¿½022.32031.32Pï¿½ï¿½Pï¿½ï¿½Pï¿½ï¿½Oï¿½ï¿½/42342.32.32:ksPï¿½ï¿½Pï¿½ï¿½022022133.32022142Nï¿½ï¿½Oï¿½ï¿½022022023022.320221;;Pï¿½ï¿½Sï¿½ï¿½.31Pï¿½ï¿½Qï¿½ï¿½022022Pï¿½ï¿½Rï¿½ï¿½-21022Nï¿½ï¿½Pï¿½ï¿½Rï¿½ï¿½022133Nï¿½ï¿½Pï¿½ï¿½Oï¿½ï¿½Pï¿½ï¿½Pï¿½ï¿½/43.32Nï¿½ï¿½Pï¿½ï¿½Qï¿½ï¿½Qï¿½ï¿½Pï¿½ï¿½Pï¿½ï¿½Uï¿½ï¿½022022Qï¿½ï¿½Pï¿½ï¿½Pï¿½ï¿½Pï¿½ï¿½Pï¿½ï¿½.32.32Qï¿½ï¿½Pï¿½ï¿½Pï¿½ï¿½Nï¿½ï¿½Oï¿½ï¿½1330221331.*Pï¿½ï¿½Pï¿½ï¿½Pï¿½ï¿½Pï¿½ï¿½Pï¿½ï¿½.32.32Qï¿½ï¿½Pï¿½ï¿½Oï¿½ï¿½.310220220220'#Oï¿½ï¿½Pï¿½ï¿½Pï¿½ï¿½Pï¿½ï¿½Pï¿½ï¿½Pï¿½ï¿½.32.32Qï¿½ï¿½Pï¿½ï¿½,)%022022/34Qï¿½ï¿½Pï¿½ï¿½Pï¿½ï¿½Pï¿½ï¿½Pï¿½ï¿½Pï¿½ï¿½Pï¿½ï¿½Pï¿½ï¿½.32.32Qï¿½ï¿½Pï¿½ï¿½022022Nï¿½ï¿½Pï¿½ï¿½Nï¿½ï¿½Pï¿½ï¿½Pï¿½ï¿½Pï¿½ï¿½Pï¿½ï¿½Pï¿½ï¿½Pï¿½ï¿½Pï¿½ï¿½.32.32Qï¿½ï¿½Pï¿½ï¿½022022Qï¿½ï¿½Qï¿½ï¿½/43Nï¿½ï¿½Pï¿½ï¿½Pï¿½ï¿½Pï¿½ï¿½Pï¿½ï¿½Pï¿½ï¿½Pï¿½ï¿½.32.32Qï¿½ï¿½Pï¿½ï¿½Lï¿½ï¿½022022031022133Qï¿½ï¿½Pï¿½ï¿½Pï¿½ï¿½Pï¿½ï¿½Pï¿½ï¿½Pï¿½ï¿½.32022Mï¿½ï¿½Pï¿½ï¿½Pï¿½ï¿½Qï¿½ï¿½1330223))Pï¿½ï¿½Pï¿½ï¿½Pï¿½ï¿½Pï¿½ï¿½Pï¿½ï¿½Pï¿½ï¿½Pï¿½ï¿½Pï¿½ï¿½Pï¿½ï¿½Pï¿½ï¿½Pï¿½ï¿½Pï¿½ï¿½Pï¿½ï¿½Pï¿½ï¿½Pï¿½ï¿½Pï¿½ï¿½Pï¿½ï¿½Pï¿½ï¿½Pï¿½ï¿½Pï¿½ï¿½Pï¿½ï¿½Pï¿½ï¿½Pï¿½ï¿½Pï¿½ï¿½Pï¿½ï¿½Pï¿½ï¿½Pï¿½ï¿½Pï¿½ï¿½Pï¿½ï¿½Pï¿½ï¿½Pï¿½ï¿½Pï¿½ï¿½Pï¿½ï¿½Pï¿½ï¿½Pï¿½ï¿½                                                                (       @                            Pï¿½ï¿½Pï¿½ï¿½Pï¿½ï¿½Pï¿½ï¿½Pï¿½ï¿½Pï¿½ï¿½Pï¿½ï¿½Pï¿½ï¿½Pï¿½ï¿½Pï¿½ï¿½Pï¿½ï¿½Pï¿½ï¿½Pï¿½ï¿½Pï¿½ï¿½Pï¿½ï¿½Pï¿½ï¿½Pï¿½ï¿½Pï¿½ï¿½Pï¿½ï¿½Pï¿½ï¿½Pï¿½ï¿½Pï¿½ï¿½Pï¿½ï¿½Pï¿½ï¿½Pï¿½ï¿½Pï¿½ï¿½Pï¿½ï¿½Pï¿½ï¿½Pï¿½ï¿½Pï¿½ï¿½Pï¿½ï¿½Pï¿½ï¿½Pï¿½ï¿½Pï¿½ï¿½Pï¿½ï¿½Pï¿½ï¿½Pï¿½ï¿½Pï¿½ï¿½Pï¿½ï¿½Pï¿½ï¿½Pï¿½ï¿½Pï¿½ï¿½Pï¿½ï¿½Pï¿½ï¿½Pï¿½ï¿½Pï¿½ï¿½Pï¿½ï¿½Pï¿½ï¿½Pï¿½ï¿½Pï¿½ï¿½Pï¿½ï¿½Pï¿½ï¿½Pï¿½ï¿½Pï¿½ï¿½Pï¿½ï¿½Pï¿½ï¿½Pï¿½ï¿½Pï¿½ï¿½Pï¿½ï¿½Pï¿½ï¿½Pï¿½ï¿½Pï¿½ï¿½Pï¿½ï¿½Pï¿½ï¿½Pï¿½ï¿½Pï¿½ï¿½Pï¿½ï¿½Pï¿½ï¿½Pï¿½ï¿½Pï¿½ï¿½Pï¿½ï¿½Pï¿½ï¿½Pï¿½ï¿½Pï¿½ï¿½Pï¿½ï¿½Pï¿½ï¿½Pï¿½ï¿½Pï¿½ï¿½Pï¿½ï¿½Pï¿½ï¿½Pï¿½ï¿½Pï¿½ï¿½Pï¿½ï¿½Pï¿½ï¿½Pï¿½ï¿½Pï¿½ï¿½Pï¿½ï¿½Pï¿½ï¿½Pï¿½ï¿½Pï¿½ï¿½Pï¿½ï¿½Pï¿½ï¿½Pï¿½ï¿½Pï¿½ï¿½Pï¿½ï¿½Pï¿½ï¿½Pï¿½ï¿½Pï¿½ï¿½Pï¿½ï¿½Pï¿½ï¿½Pï¿½ï¿½Pï¿½ï¿½Pï¿½ï¿½Pï¿½ï¿½Pï¿½ï¿½Pï¿½ï¿½Pï¿½ï¿½Pï¿½ï¿½Pï¿½ï¿½Pï¿½ï¿½Pï¿½ï¿½Pï¿½ï¿½Pï¿½ï¿½Pï¿½ï¿½Pï¿½ï¿½Pï¿½ï¿½Pï¿½ï¿½Pï¿½ï¿½Pï¿½ï¿½Pï¿½ï¿½Pï¿½ï¿½Pï¿½ï¿½Pï¿½ï¿½Pï¿½ï¿½Pï¿½ï¿½Pï¿½ï¿½Pï¿½ï¿½Pï¿½ï¿½Pï¿½ï¿½Pï¿½ï¿½Pï¿½ï¿½Pï¿½ï¿½Qï¿½ï¿½Nï¿½ï¿½Pï¿½ï¿½Nï¿½ï¿½Nï¿½ï¿½Nï¿½ï¿½Pï¿½ï¿½Pï¿½ï¿½Pï¿½ï¿½Pï¿½ï¿½Pï¿½ï¿½Pï¿½ï¿½Pï¿½ï¿½Pï¿½ï¿½Pï¿½ï¿½Pï¿½ï¿½Pï¿½ï¿½Oï¿½ï¿½Oï¿½ï¿½Nï¿½ï¿½Qï¿½ï¿½Pï¿½ï¿½Pï¿½ï¿½Pï¿½ï¿½Pï¿½ï¿½Pï¿½ï¿½Pï¿½ï¿½Pï¿½ï¿½Pï¿½ï¿½Qï¿½ï¿½Lï¿½ï¿½Qï¿½ï¿½Lï¿½ï¿½7OO0547RVNï¿½ï¿½Pï¿½ï¿½Nï¿½ï¿½Pï¿½ï¿½Pï¿½ï¿½Pï¿½ï¿½Pï¿½ï¿½Pï¿½ï¿½Pï¿½ï¿½Pï¿½ï¿½Qï¿½ï¿½Pï¿½ï¿½Pï¿½ï¿½@ï¿½ï¿½0;91657X[Nï¿½ï¿½Pï¿½ï¿½Qï¿½ï¿½Qï¿½ï¿½Pï¿½ï¿½Pï¿½ï¿½Pï¿½ï¿½Pï¿½ï¿½Oï¿½ï¿½5Z^022022.32142031022.32@ï¿½ï¿½Pï¿½ï¿½Pï¿½ï¿½Pï¿½ï¿½Pï¿½ï¿½Pï¿½ï¿½Pï¿½ï¿½Oï¿½ï¿½Eï¿½ï¿½/42.32342022.32.31.32.32:ksNï¿½ï¿½Pï¿½ï¿½Pï¿½ï¿½Pï¿½ï¿½Lï¿½ï¿½1,+0220220220220220220220220223EDNï¿½ï¿½Pï¿½ï¿½Pï¿½ï¿½Pï¿½ï¿½Nï¿½ï¿½0/1133022022022022022022022022222.31Qï¿½ï¿½Pï¿½ï¿½Pï¿½ï¿½467022022022342133022.32022022022142Pï¿½ï¿½Nï¿½ï¿½Pï¿½ï¿½Oï¿½ï¿½/11022022022222023142022.32.320220220221;;Pï¿½ï¿½Pï¿½ï¿½/42022022022111>ï¿½ï¿½Oï¿½ï¿½022022022022-20045Nï¿½ï¿½Lï¿½ï¿½Pï¿½ï¿½.32022022022-3./43Mï¿½ï¿½Mï¿½ï¿½6bi-41022022022.43Pï¿½ï¿½Pï¿½ï¿½Nï¿½ï¿½Sï¿½ï¿½342.31Lï¿½ï¿½Pï¿½ï¿½Pï¿½ï¿½Qï¿½ï¿½6SW022022022031Pï¿½ï¿½Nï¿½ï¿½Rï¿½ï¿½6QU-21422022Nï¿½ï¿½Nï¿½ï¿½Pï¿½ï¿½Pï¿½ï¿½Pï¿½ï¿½Rï¿½ï¿½133022022133Qï¿½ï¿½Nï¿½ï¿½Pï¿½ï¿½Pï¿½ï¿½Qï¿½ï¿½9fjPï¿½ï¿½Pï¿½ï¿½Pï¿½ï¿½Pï¿½ï¿½Pï¿½ï¿½.32022.32022Oï¿½ï¿½Pï¿½ï¿½Pï¿½ï¿½Pï¿½ï¿½Nï¿½ï¿½022Rï¿½ï¿½Pï¿½ï¿½Pï¿½ï¿½Pï¿½ï¿½Pï¿½ï¿½Pï¿½ï¿½Qï¿½ï¿½231022022/43Mï¿½ï¿½Nï¿½ï¿½Pï¿½ï¿½Pï¿½ï¿½Nï¿½ï¿½Oï¿½ï¿½Pï¿½ï¿½Pï¿½ï¿½Pï¿½ï¿½Pï¿½ï¿½Pï¿½ï¿½/43022.32022Nï¿½ï¿½Pï¿½ï¿½Pï¿½ï¿½Pï¿½ï¿½Qï¿½ï¿½Oï¿½ï¿½Qï¿½ï¿½Pï¿½ï¿½Pï¿½ï¿½Pï¿½ï¿½Pï¿½ï¿½Pï¿½ï¿½Uï¿½ï¿½031022022022Pï¿½ï¿½Qï¿½ï¿½Pï¿½ï¿½Pï¿½ï¿½Pï¿½ï¿½Pï¿½ï¿½Pï¿½ï¿½Pï¿½ï¿½Pï¿½ï¿½Pï¿½ï¿½Qï¿½ï¿½.32022.32022Qï¿½ï¿½Pï¿½ï¿½Pï¿½ï¿½Pï¿½ï¿½Pï¿½ï¿½Pï¿½ï¿½Pï¿½ï¿½Pï¿½ï¿½Pï¿½ï¿½Pï¿½ï¿½Pï¿½ï¿½Nï¿½ï¿½133022022022133Nï¿½ï¿½Nï¿½ï¿½Pï¿½ï¿½Pï¿½ï¿½Pï¿½ï¿½Pï¿½ï¿½Pï¿½ï¿½Pï¿½ï¿½Pï¿½ï¿½Pï¿½ï¿½Qï¿½ï¿½.32022.32022Qï¿½ï¿½Pï¿½ï¿½Pï¿½ï¿½Pï¿½ï¿½Pï¿½ï¿½Pï¿½ï¿½Nï¿½ï¿½Nï¿½ï¿½Oï¿½ï¿½0.-133022022022133/431.*Pï¿½ï¿½Pï¿½ï¿½Pï¿½ï¿½Pï¿½ï¿½Pï¿½ï¿½Pï¿½ï¿½Pï¿½ï¿½Pï¿½ï¿½Pï¿½ï¿½Pï¿½ï¿½Qï¿½ï¿½.32022.32022Qï¿½ï¿½Pï¿½ï¿½Pï¿½ï¿½Pï¿½ï¿½Pï¿½ï¿½Pï¿½ï¿½Mï¿½ï¿½389-32111022133022022022031Oï¿½ï¿½Pï¿½ï¿½Pï¿½ï¿½Pï¿½ï¿½Pï¿½ï¿½Pï¿½ï¿½Pï¿½ï¿½Pï¿½ï¿½Pï¿½ï¿½Pï¿½ï¿½Pï¿½ï¿½Qï¿½ï¿½.32022.32022Qï¿½ï¿½Pï¿½ï¿½Pï¿½ï¿½Pï¿½ï¿½Oï¿½ï¿½Jï¿½ï¿½.310220220220220220220220'#Pï¿½ï¿½Oï¿½ï¿½Pï¿½ï¿½Pï¿½ï¿½Pï¿½ï¿½Pï¿½ï¿½Pï¿½ï¿½Pï¿½ï¿½Pï¿½ï¿½Pï¿½ï¿½Pï¿½ï¿½Pï¿½ï¿½Qï¿½ï¿½.32022.32022Qï¿½ï¿½Pï¿½ï¿½Pï¿½ï¿½Nï¿½ï¿½Oï¿½ï¿½/34022022022022031-21.32Bï¿½ï¿½Pï¿½ï¿½Pï¿½ï¿½Pï¿½ï¿½Pï¿½ï¿½Pï¿½ï¿½Pï¿½ï¿½Pï¿½ï¿½Pï¿½ï¿½Pï¿½ï¿½Pï¿½ï¿½Pï¿½ï¿½Pï¿½ï¿½Pï¿½ï¿½Qï¿½ï¿½.32022.32022Qï¿½ï¿½Pï¿½ï¿½Pï¿½ï¿½Oï¿½ï¿½,)%222022022022022/34=ï¿½ï¿½Qï¿½ï¿½Oï¿½ï¿½Pï¿½ï¿½Pï¿½ï¿½Pï¿½ï¿½Pï¿½ï¿½Pï¿½ï¿½Pï¿½ï¿½Pï¿½ï¿½Pï¿½ï¿½Pï¿½ï¿½Pï¿½ï¿½Pï¿½ï¿½Pï¿½ï¿½Pï¿½ï¿½Qï¿½ï¿½.32022.32022Qï¿½ï¿½Pï¿½ï¿½Pï¿½ï¿½Pï¿½ï¿½.32022022.31133Pï¿½ï¿½Qï¿½ï¿½Pï¿½ï¿½Pï¿½ï¿½Pï¿½ï¿½Pï¿½ï¿½Pï¿½ï¿½Pï¿½ï¿½Pï¿½ï¿½Pï¿½ï¿½Pï¿½ï¿½Pï¿½ï¿½Pï¿½ï¿½Pï¿½ï¿½Pï¿½ï¿½Pï¿½ï¿½Pï¿½ï¿½Pï¿½ï¿½Qï¿½ï¿½.32022.32022Qï¿½ï¿½Pï¿½ï¿½Pï¿½ï¿½Nï¿½ï¿½022022022.32Nï¿½ï¿½Pï¿½ï¿½Pï¿½ï¿½Pï¿½ï¿½Nï¿½ï¿½Mï¿½ï¿½Pï¿½ï¿½Pï¿½ï¿½Pï¿½ï¿½Pï¿½ï¿½Pï¿½ï¿½Pï¿½ï¿½Pï¿½ï¿½Pï¿½ï¿½Pï¿½ï¿½Pï¿½ï¿½Pï¿½ï¿½Pï¿½ï¿½Pï¿½ï¿½Qï¿½ï¿½.32022.32022Qï¿½ï¿½Pï¿½ï¿½Pï¿½ï¿½Lï¿½ï¿½022022022/11Nï¿½ï¿½Pï¿½ï¿½Pï¿½ï¿½Pï¿½ï¿½Pï¿½ï¿½Mï¿½ï¿½Pï¿½ï¿½Pï¿½ï¿½Pï¿½ï¿½Pï¿½ï¿½Pï¿½ï¿½Pï¿½ï¿½Pï¿½ï¿½Pï¿½ï¿½Pï¿½ï¿½Pï¿½ï¿½Pï¿½ï¿½Pï¿½ï¿½Pï¿½ï¿½Qï¿½ï¿½.32022.32022Qï¿½ï¿½Pï¿½ï¿½Pï¿½ï¿½Tï¿½ï¿½022022022022Qï¿½ï¿½Nï¿½ï¿½Qï¿½ï¿½Nï¿½ï¿½/43022Nï¿½ï¿½Pï¿½ï¿½Pï¿½ï¿½Pï¿½ï¿½Pï¿½ï¿½Pï¿½ï¿½Pï¿½ï¿½Pï¿½ï¿½Pï¿½ï¿½Pï¿½ï¿½Pï¿½ï¿½Pï¿½ï¿½Pï¿½ï¿½Qï¿½ï¿½.32022.32022Qï¿½ï¿½Pï¿½ï¿½Pï¿½ï¿½Nï¿½ï¿½/43133022022022/11.32/34022022022.31Pï¿½ï¿½Pï¿½ï¿½Pï¿½ï¿½Pï¿½ï¿½Pï¿½ï¿½Pï¿½ï¿½Pï¿½ï¿½Pï¿½ï¿½Pï¿½ï¿½Pï¿½ï¿½Pï¿½ï¿½Qï¿½ï¿½.32022.32022Qï¿½ï¿½Pï¿½ï¿½Pï¿½ï¿½Nï¿½ï¿½Lï¿½ï¿½134022022022/430310220220221333?AQï¿½ï¿½Pï¿½ï¿½Pï¿½ï¿½Pï¿½ï¿½Pï¿½ï¿½Pï¿½ï¿½Pï¿½ï¿½Pï¿½ï¿½Pï¿½ï¿½Pï¿½ï¿½Pï¿½ï¿½Qï¿½ï¿½.32022.32022Qï¿½ï¿½Pï¿½ï¿½Pï¿½ï¿½Pï¿½ï¿½Nï¿½ï¿½.'$/11022022022022022022/43,'&Qï¿½ï¿½Pï¿½ï¿½Pï¿½ï¿½Pï¿½ï¿½Pï¿½ï¿½Pï¿½ï¿½Pï¿½ï¿½Pï¿½ï¿½Pï¿½ï¿½Pï¿½ï¿½Pï¿½ï¿½Pï¿½ï¿½Pï¿½ï¿½.32022022133Mï¿½ï¿½Pï¿½ï¿½Pï¿½ï¿½Pï¿½ï¿½Pï¿½ï¿½Pï¿½ï¿½Qï¿½ï¿½0)&1330310220223))Oï¿½ï¿½Pï¿½ï¿½Pï¿½ï¿½Pï¿½ï¿½Pï¿½ï¿½Pï¿½ï¿½Pï¿½ï¿½Pï¿½ï¿½Pï¿½ï¿½Pï¿½ï¿½Pï¿½ï¿½Pï¿½ï¿½Pï¿½ï¿½Pï¿½ï¿½Oï¿½ï¿½Oï¿½ï¿½Nï¿½ï¿½Oï¿½ï¿½Oï¿½ï¿½Nï¿½ï¿½Pï¿½ï¿½Pï¿½ï¿½Pï¿½ï¿½Pï¿½ï¿½Pï¿½ï¿½Pï¿½ï¿½Qï¿½ï¿½Pï¿½ï¿½Pï¿½ï¿½Pï¿½ï¿½Pï¿½ï¿½Qï¿½ï¿½Nï¿½ï¿½Pï¿½ï¿½Pï¿½ï¿½Pï¿½ï¿½Pï¿½ï¿½Pï¿½ï¿½Pï¿½ï¿½Pï¿½ï¿½Pï¿½ï¿½Pï¿½ï¿½Pï¿½ï¿½Pï¿½ï¿½Pï¿½ï¿½Pï¿½ï¿½Pï¿½ï¿½Pï¿½ï¿½Pï¿½ï¿½Pï¿½ï¿½Pï¿½ï¿½Pï¿½ï¿½Pï¿½ï¿½Pï¿½ï¿½Pï¿½ï¿½Pï¿½ï¿½Pï¿½ï¿½Pï¿½ï¿½Pï¿½ï¿½Pï¿½ï¿½Pï¿½ï¿½Pï¿½ï¿½Pï¿½ï¿½Pï¿½ï¿½Pï¿½ï¿½Pï¿½ï¿½Pï¿½ï¿½Pï¿½ï¿½Pï¿½ï¿½Pï¿½ï¿½Pï¿½ï¿½Pï¿½ï¿½Pï¿½ï¿½Pï¿½ï¿½Pï¿½ï¿½Pï¿½ï¿½Pï¿½ï¿½Pï¿½ï¿½Pï¿½ï¿½Pï¿½ï¿½Pï¿½ï¿½Pï¿½ï¿½Pï¿½ï¿½Pï¿½ï¿½Pï¿½ï¿½Pï¿½ï¿½Pï¿½ï¿½Pï¿½ï¿½Pï¿½ï¿½Pï¿½ï¿½Pï¿½ï¿½Pï¿½ï¿½Pï¿½ï¿½Pï¿½ï¿½Pï¿½ï¿½Pï¿½ï¿½Pï¿½ï¿½Pï¿½ï¿½Pï¿½ï¿½Pï¿½ï¿½Pï¿½ï¿½Pï¿½ï¿½Pï¿½ï¿½Pï¿½ï¿½Pï¿½ï¿½Pï¿½ï¿½Pï¿½ï¿½Pï¿½ï¿½Pï¿½ï¿½Pï¿½ï¿½Pï¿½ï¿½Pï¿½ï¿½Pï¿½ï¿½Pï¿½ï¿½Pï¿½ï¿½Pï¿½ï¿½Pï¿½ï¿½Pï¿½ï¿½Pï¿½ï¿½Pï¿½ï¿½Pï¿½ï¿½Pï¿½ï¿½Pï¿½ï¿½Pï¿½ï¿½Pï¿½ï¿½Pï¿½ï¿½Pï¿½ï¿½Pï¿½ï¿½Pï¿½ï¿½Pï¿½ï¿½Pï¿½ï¿½Pï¿½ï¿½Pï¿½ï¿½Pï¿½ï¿½Pï¿½ï¿½Pï¿½ï¿½Pï¿½ï¿½Pï¿½ï¿½Pï¿½ï¿½Pï¿½ï¿½Pï¿½ï¿½Pï¿½ï¿½Pï¿½ï¿½Pï¿½ï¿½Pï¿½ï¿½Pï¿½ï¿½Pï¿½ï¿½Pï¿½ï¿½Pï¿½ï¿½Pï¿½ï¿½Pï¿½ï¿½Pï¿½ï¿½Pï¿½ï¿½Pï¿½ï¿½Pï¿½ï¿½Pï¿½ï¿½Pï¿½ï¿½Pï¿½ï¿½Pï¿½ï¿½Pï¿½ï¿½Pï¿½ï¿½Pï¿½ï¿½Pï¿½ï¿½Pï¿½ï¿½Pï¿½ï¿½Pï¿½ï¿½                                                                                                                                "`;

exports[`cli - vanilla React project contents of files created Folder - /dist should populate "robots.txt" correctly 1`] = `""`;

exports[`cli - vanilla React project contents of files created Folder - /src should populate "entry.jsx" correctly 1`] = `
"/*
  http://bit.ly/2DTXGpe - \`@babel/polyfill\` has been deprecated.
  If you need to polyfill certain JS features, uncomment the two imports below.
*/
// import 'core-js/stable'
// import 'regenerator-runtime/runtime' // Needed to polyfill async / await.

/*
  Import our top-level scss file.
  All other scss files should be imported in \`styles.scss\`.
*/
import './styles/styles.scss'

// Import React.
import React from 'react'
import ReactDOM from 'react-dom'

// Import our top-level component.
import App from 'components/App'

// Mount our app.
ReactDOM.render(
  <React.StrictMode>
    <App />
  </React.StrictMode>,
  document.querySelector('#app'),
)
"
`;

exports[`cli - vanilla React project contents of files created Folder - /src should populate "index.ejs" correctly 1`] = `
"<!DOCTYPE html>
<html lang=\\"en-US\\">
  <head>
    <title><%= htmlWebpackPlugin.options.title %></title>
    <meta charset=\\"UTF-8\\" />
    <meta name=\\"viewport\\" content=\\"width=device-width, initial-scale=1\\" />
    <meta name=\\"theme-color\\" content=\\"#000000\\" />

    <% if (htmlWebpackPlugin.options.description) { %>
    <meta
      name=\\"description\\"
      content=\\"<% htmlWebpackPlugin.options.description %>\\"
    />
    <% } %> <% if (htmlWebpackPlugin.options.mobileThemeColor) { %>
    <meta
      name=\\"theme-color\\"
      content=\\"<% htmlWebpackPlugin.options.mobileThemeColor %>\\"
    />
    <meta
      name=\\"apple-mobile-web-app-status-bar-style\\"
      content=\\"<% htmlWebpackPlugin.options.mobileThemeColor %>\\"
    />
    <% } %>

    <link href=\\"/favicon.ico\\" rel=\\"shortcut icon\\" type=\\"image/x-icon\\" />
  </head>
  <body>
    <div id=\\"app\\"></div>
  </body>
</html>
"
`;

exports[`cli - vanilla React project contents of files created Folder - /src/components should populate "App.jsx" correctly 1`] = `
"import useUpdatingClock from 'hooks/useUpdatingClock'

export default function App() {
  const {hour, minutes, seconds, amPm} = useUpdatingClock()

  return (
    <div className=\\"df flex-col vh-100\\">
      <header className=\\"pv24 bg-gold black-80 tc\\">
        <h1 className=\\"mt0 mb0\\">Create New App</h1>
        <div>By The Qodesmith</div>
      </header>

      <section className=\\"flex-grow-1 bg-black-80 fw4 white-80 tc pt24\\">
        <div>
          Your application starts in the{' '}
          <code>
            src/<span className=\\"b white\\">entry.jsx</span>
          </code>{' '}
          file.
        </div>

        <div>
          The component you're looking here at can be found in{' '}
          <code>
            src/components/<span className=\\"b white\\">App.jsx</span>
          </code>
        </div>

        <div>
          Now go! Save the world with <span className=\\"gold\\">JavaScript</span>!
        </div>

        <div className=\\"pa16 f-1-5em\\">
          {hour}:{minutes}:{seconds}
          <span className=\\"f-initial pl4\\">{amPm}</span>
        </div>
      </section>
    </div>
  )
}
"
`;

exports[`cli - vanilla React project contents of files created Folder - /src/helpers should populate "index.js" correctly 1`] = `
"export const cn = (...args) => {
  const classNames = args.reduce((arr, item) => {
    if (typeof item === 'string') return [...arr, ...item.split(' ')] // Strings.
    if ({}.toString.call(item) !== '[object Object]') return arr // Ignore everything else but objects.

    return Object.keys(item).reduce(
      (arr2, key) => (item[key] ? [...arr2, key] : arr2),
      arr,
    )
  }, [])

  // Avoid duplicate names.
  return [...new Set(classNames)].join(' ')
}

// http://bit.ly/2Xmuwqf - micro UUID!
export const uuid = a =>
  a
    ? (a ^ ((Math.random() * 16) >> (a / 4))).toString(16)
    : ([1e7] + -1e3 + -4e3 + -8e3 + -1e11).replace(/[018]/g, uuid)

export const randomNum = (min, max) =>
  Math.floor(Math.random() * (max - min + 1) + min)

// Simple email validation :)
export const isEmail = email => {
  return [
    email.includes('@'), // Has the @ sybmol.
    email.trim().split('@')[0].length, // Has characters before the @ symbol.
    email.split('@').pop().includes('.'), // Has a period after the @ symbol.
    !email.trim().includes(' '), // Doesn't contain spaces.
    email.length > 5, // At least 6 chars long => a@b.co

    // Ensure at least 2 characters in the \`.com\` portion.
    email.trim().split('@').pop().split('.').pop().length > 1,
  ].every(Boolean)
}
"
`;

exports[`cli - vanilla React project contents of files created Folder - /src/hooks should populate "useUpdatingClock.js" correctly 1`] = `
"import {useEffect, useState} from 'react'

export default function useUpdatingClock() {
  // An example of using React hooks to maintain local state.
  const [date, setDate] = useState(() => new Date())

  // Data we need for our updated time in the UI.
  const hours = date.getHours()
  const hour = hours % 12 || 12
  const minutes = date.getMinutes().toString().padStart(2, '0')
  const seconds = date.getSeconds().toString().padStart(2, '0')
  const amPm = hours >= 12 ? 'pm' : 'am'

  // An example of using \`useEffect\` to update the DOM with the latest time.
  useEffect(() => {
    const interval = setInterval(() => {
      setDate(new Date())
    }, 251)

    // This \\"clean up\\" function will run when the consuming component unmounts.
    return () => {
      clearInterval(interval)
    }
  }, [])

  return {hour, minutes, seconds, amPm}
}
"
`;

exports[`cli - vanilla React project contents of files created Folder - /src/styles should populate "global.scss" correctly 1`] = `
"// https://bit.ly/3aI9YSD - universal box-sizing with inheritance.
html {
  box-sizing: border-box;
}
*,
*:before,
*:after {
  box-sizing: inherit;
}

html,
body {
  margin: 0;
  padding: 0;

  // https://mzl.la/2KnTfHh
  // size/line-height | family
  font: 16px 'Open Sans', Arial, Helvetica, sans-serif;
}

/*
  Add your custom global styles here.
  The styles provided below are a minimal suggested starting point.
*/
"
`;

exports[`cli - vanilla React project contents of files created Folder - /src/styles should populate "styles.scss" correctly 1`] = `
"/*
  This file will be the top-most entry point for all styles in the app.
  Any dependant styles should be explicitly imported here.

  Import files from the \`node_modules\` folder by prepending them with \\"~\\".
  To import CSS files from \`node_modules\`, make sure to include the file extension.
*/

// https://github.com/qodesmith/sassyons
@import 'sassyons/dist/sassyons.css';

/*
  Application Styles
  ------------------

  All our application-specific styles will go below.
  @import each of them in reverse-priority order (bottom = highest priority).
*/
@import 'global';
"
`;

exports[`cli - vanilla React project contents of files created webpack.config.js should have the correct top-level properties and file contents 1`] = `
Object {
  "bail": false,
  "context": "/Users/qodesmith/repos/create-new-app/01-vanilla-react.test/src",
  "devServer": Object {
    "contentBase": "/Users/qodesmith/repos/create-new-app/01-vanilla-react.test/dist",
    "historyApiFallback": true,
    "host": "0.0.0.0",
    "hot": true,
    "inline": true,
    "open": true,
    "overlay": Object {
      "errors": false,
      "warnings": false,
    },
    "port": "8080",
    "proxy": Object {},
    "public": "http://localhost:8080",
    "watchContentBase": true,
  },
  "devtool": "source-map",
  "entry": Object {
    "main": "/Users/qodesmith/repos/create-new-app/01-vanilla-react.test/src/entry.jsx",
  },
  "mode": "development",
  "module": Object {
    "rules": Array [
      Object {
        "include": "/Users/qodesmith/repos/create-new-app/01-vanilla-react.test/src",
        "test": /\\\\\\.\\(js\\|jsx\\)\\$/,
        "use": Array [
          Object {
            "loader": "babel-loader",
            "options": Object {
              "plugins": Array [
                "@babel/plugin-proposal-object-rest-spread",
                "@babel/plugin-proposal-class-properties",
                "@babel/plugin-syntax-dynamic-import",
                "@babel/plugin-proposal-optional-chaining",
                "@babel/plugin-proposal-nullish-coalescing-operator",
                "react-refresh/babel",
              ],
              "presets": Array [
                Array [
                  "@babel/preset-env",
                  Object {
                    "corejs": Object {
                      "proposals": true,
                      "version": 3,
                    },
                    "modules": false,
                    "useBuiltIns": "entry",
                  },
                ],
                Array [
                  "@babel/preset-react",
                  Object {
                    "runtime": "automatic",
                  },
                ],
              ],
            },
          },
        ],
      },
      Object {
        "include": "/Users/qodesmith/repos/create-new-app/01-vanilla-react.test/src",
        "test": /\\\\\\.\\(scss\\|css\\)\\$/,
        "use": Array [
          "style-loader",
          Object {
            "loader": "css-loader",
            "options": Object {
              "importLoaders": 2,
              "sourceMap": false,
            },
          },
          Object {
            "loader": "sass-loader",
            "options": Object {
              "sourceMap": false,
            },
          },
        ],
      },
      Object {
        "include": "/Users/qodesmith/repos/create-new-app/01-vanilla-react.test/src",
        "test": /\\\\\\.\\(woff\\|woff2\\|eot\\|ttf\\|otf\\)\\$/,
        "use": Array [
          Object {
            "loader": "file-loader",
            "options": Object {
              "name": "[name].[ext]",
            },
          },
        ],
      },
      Object {
        "include": "/Users/qodesmith/repos/create-new-app/01-vanilla-react.test/src/assets",
        "test": /\\\\\\.\\(png\\|svg\\|jpg\\|gif\\)\\$/,
        "use": Array [
          Object {
            "loader": "file-loader",
            "options": Object {
              "name": "[name].[ext]",
            },
          },
        ],
      },
    ],
  },
  "optimization": Object {
    "minimize": false,
    "minimizer": Array [
      TerserPlugin {
        "options": Object {
          "exclude": undefined,
          "extractComments": true,
          "include": undefined,
          "minify": undefined,
          "parallel": true,
          "terserOptions": Object {
            "compress": Object {
              "comparisons": false,
              "ecma": 5,
              "inline": 2,
            },
            "mangle": Object {
              "safari10": true,
            },
            "output": Object {
              "ascii_only": true,
              "comments": false,
              "ecma": 5,
            },
          },
          "test": /\\\\\\.\\[cm\\]\\?js\\(\\\\\\?\\.\\*\\)\\?\\$/i,
        },
      },
    ],
  },
  "output": Object {
    "chunkFilename": "[name].[fullhash].chunk.js",
    "filename": "[name].[fullhash].bundle.js",
    "globalObject": "this",
    "path": "/Users/qodesmith/repos/create-new-app/01-vanilla-react.test/dist",
    "pathinfo": true,
    "publicPath": "/",
  },
  "plugins": Array [
    DefinePlugin {
      "definitions": Object {
        "__API__": undefined,
        "__DEV__": true,
        "__PROD__": false,
        "process.env": Object {
          "NODE_ENV": "\\"development\\"",
        },
      },
    },
    MiniCssExtractPlugin {
      "_sortedModulesCache": WeakMap {},
      "options": Object {
        "chunkFilename": "[id].css",
        "experimentalUseImportModule": false,
        "filename": "[name].[fullhash].css",
        "ignoreOrder": false,
      },
      "runtimeOptions": Object {
        "attributes": undefined,
        "insert": undefined,
        "linkType": "text/css",
      },
    },
    CleanWebpackPlugin {
      "apply": [Function],
      "cleanAfterEveryBuildPatterns": Array [
        "*.js",
        "*.css",
        "*.html",
      ],
      "cleanOnceBeforeBuildPatterns": Array [
        "*.js",
        "*.css",
        "*.html",
      ],
      "cleanStaleWebpackAssets": true,
      "currentAssets": Array [],
      "dangerouslyAllowCleanPatternsOutsideProject": false,
      "dry": false,
      "handleDone": [Function],
      "handleInitial": [Function],
      "initialClean": false,
      "outputPath": "",
      "protectWebpackAssets": true,
      "removeFiles": [Function],
      "verbose": true,
    },
    HtmlWebpackPlugin {
      "userOptions": Object {
        "chunks": Array [
          "main",
        ],
        "chunksSortMode": "manual",
        "description": "",
        "minify": false,
        "mobileThemeColor": "#000000",
        "template": "/Users/qodesmith/repos/create-new-app/01-vanilla-react.test/src/index.ejs",
        "title": "",
      },
      "version": 5,
    },
    HotModuleReplacementPlugin {
      "options": Object {},
    },
    ReactRefreshPlugin {
      "options": Object {
        "exclude": /node_modules/i,
        "include": /\\\\\\.\\(\\[jt\\]sx\\?\\|flow\\)\\$/i,
        "overlay": Object {
          "entry": "/Users/qodesmith/repos/create-new-app/01-vanilla-react.test/node_modules/@pmmmwh/react-refresh-webpack-plugin/client/ErrorOverlayEntry.js",
          "module": "/Users/qodesmith/repos/create-new-app/01-vanilla-react.test/node_modules/@pmmmwh/react-refresh-webpack-plugin/overlay/index.js",
          "sockIntegration": "wds",
        },
      },
    },
    AfterCompilePlugin {
      "run": undefined,
    },
  ],
  "resolve": Object {
    "alias": Object {
      "assets": "/Users/qodesmith/repos/create-new-app/01-vanilla-react.test/src/assets",
      "components": "/Users/qodesmith/repos/create-new-app/01-vanilla-react.test/src/components",
      "helpers": "/Users/qodesmith/repos/create-new-app/01-vanilla-react.test/src/helpers",
      "hooks": "/Users/qodesmith/repos/create-new-app/01-vanilla-react.test/src/hooks",
    },
    "extensions": Array [
      ".js",
      ".jsx",
      ".json",
      ".scss",
    ],
  },
  "target": "web",
}
`;

exports[`cli - vanilla React project contents of files created webpack.config.js should have the correct top-level properties and file contents 2`] = `
Object {
  "bail": true,
  "context": "/Users/qodesmith/repos/create-new-app/01-vanilla-react.test/src",
  "devServer": Object {
    "contentBase": "/Users/qodesmith/repos/create-new-app/01-vanilla-react.test/dist",
    "historyApiFallback": true,
    "host": "0.0.0.0",
    "hot": true,
    "inline": true,
    "open": true,
    "overlay": Object {
      "errors": false,
      "warnings": false,
    },
    "port": "8080",
    "proxy": Object {},
    "public": "http://localhost:8080",
    "watchContentBase": true,
  },
  "devtool": false,
  "entry": Object {
    "main": "/Users/qodesmith/repos/create-new-app/01-vanilla-react.test/src/entry.jsx",
  },
  "mode": "production",
  "module": Object {
    "rules": Array [
      Object {
        "include": "/Users/qodesmith/repos/create-new-app/01-vanilla-react.test/src",
        "test": /\\\\\\.\\(js\\|jsx\\)\\$/,
        "use": Array [
          Object {
            "loader": "babel-loader",
            "options": Object {
              "plugins": Array [
                "@babel/plugin-proposal-object-rest-spread",
                "@babel/plugin-proposal-class-properties",
                "@babel/plugin-syntax-dynamic-import",
                "@babel/plugin-proposal-optional-chaining",
                "@babel/plugin-proposal-nullish-coalescing-operator",
              ],
              "presets": Array [
                Array [
                  "@babel/preset-env",
                  Object {
                    "corejs": Object {
                      "proposals": true,
                      "version": 3,
                    },
                    "modules": false,
                    "useBuiltIns": "entry",
                  },
                ],
                Array [
                  "@babel/preset-react",
                  Object {
                    "runtime": "automatic",
                  },
                ],
              ],
            },
          },
        ],
      },
      Object {
        "include": "/Users/qodesmith/repos/create-new-app/01-vanilla-react.test/src",
        "test": /\\\\\\.\\(scss\\|css\\)\\$/,
        "use": Array [
          "/Users/qodesmith/repos/create-new-app/01-vanilla-react.test/node_modules/mini-css-extract-plugin/dist/loader.js",
          Object {
            "loader": "css-loader",
            "options": Object {
              "importLoaders": 2,
              "sourceMap": false,
            },
          },
          "postcss-loader",
          Object {
            "loader": "sass-loader",
            "options": Object {
              "sourceMap": false,
            },
          },
        ],
      },
      Object {
        "include": "/Users/qodesmith/repos/create-new-app/01-vanilla-react.test/src",
        "test": /\\\\\\.\\(woff\\|woff2\\|eot\\|ttf\\|otf\\)\\$/,
        "use": Array [
          Object {
            "loader": "file-loader",
            "options": Object {
              "name": "[name].[ext]",
            },
          },
        ],
      },
      Object {
        "include": "/Users/qodesmith/repos/create-new-app/01-vanilla-react.test/src/assets",
        "test": /\\\\\\.\\(png\\|svg\\|jpg\\|gif\\)\\$/,
        "use": Array [
          Object {
            "loader": "file-loader",
            "options": Object {
              "name": "[name].[ext]",
            },
          },
        ],
      },
    ],
  },
  "optimization": Object {
    "minimize": true,
    "minimizer": Array [
      TerserPlugin {
        "options": Object {
          "exclude": undefined,
          "extractComments": true,
          "include": undefined,
          "minify": undefined,
          "parallel": true,
          "terserOptions": Object {
            "compress": Object {
              "comparisons": false,
              "ecma": 5,
              "inline": 2,
            },
            "mangle": Object {
              "safari10": true,
            },
            "output": Object {
              "ascii_only": true,
              "comments": false,
              "ecma": 5,
            },
          },
          "test": /\\\\\\.\\[cm\\]\\?js\\(\\\\\\?\\.\\*\\)\\?\\$/i,
        },
      },
    ],
  },
  "output": Object {
    "chunkFilename": "[name].[fullhash].chunk.js",
    "filename": "[name].[fullhash].bundle.js",
    "globalObject": "this",
    "path": "/Users/qodesmith/repos/create-new-app/01-vanilla-react.test/dist",
    "pathinfo": false,
    "publicPath": "/",
  },
  "plugins": Array [
    DefinePlugin {
      "definitions": Object {
        "__API__": undefined,
        "__DEV__": false,
        "__PROD__": true,
        "process.env": Object {
          "NODE_ENV": "\\"production\\"",
        },
      },
    },
    MiniCssExtractPlugin {
      "_sortedModulesCache": WeakMap {},
      "options": Object {
        "chunkFilename": "[id].css",
        "experimentalUseImportModule": false,
        "filename": "[name].[fullhash].css",
        "ignoreOrder": false,
      },
      "runtimeOptions": Object {
        "attributes": undefined,
        "insert": undefined,
        "linkType": "text/css",
      },
    },
    CleanWebpackPlugin {
      "apply": [Function],
      "cleanAfterEveryBuildPatterns": Array [
        "*.js",
        "*.css",
        "*.html",
      ],
      "cleanOnceBeforeBuildPatterns": Array [
        "*.js",
        "*.css",
        "*.html",
      ],
      "cleanStaleWebpackAssets": true,
      "currentAssets": Array [],
      "dangerouslyAllowCleanPatternsOutsideProject": false,
      "dry": false,
      "handleDone": [Function],
      "handleInitial": [Function],
      "initialClean": false,
      "outputPath": "",
      "protectWebpackAssets": true,
      "removeFiles": [Function],
      "verbose": true,
    },
    HtmlWebpackPlugin {
      "userOptions": Object {
        "chunks": Array [
          "main",
        ],
        "chunksSortMode": "manual",
        "description": "",
        "minify": Object {
          "collapseWhitespace": true,
          "removeComments": true,
        },
        "mobileThemeColor": "#000000",
        "template": "/Users/qodesmith/repos/create-new-app/01-vanilla-react.test/src/index.ejs",
        "title": "",
      },
      "version": 5,
    },
  ],
  "resolve": Object {
    "alias": Object {
      "assets": "/Users/qodesmith/repos/create-new-app/01-vanilla-react.test/src/assets",
      "components": "/Users/qodesmith/repos/create-new-app/01-vanilla-react.test/src/components",
      "helpers": "/Users/qodesmith/repos/create-new-app/01-vanilla-react.test/src/helpers",
      "hooks": "/Users/qodesmith/repos/create-new-app/01-vanilla-react.test/src/hooks",
    },
    "extensions": Array [
      ".js",
      ".jsx",
      ".json",
      ".scss",
    ],
  },
  "target": "web",
}
`;
